Collecting numpy==2.3.5 (from -r requirements.txt (line 2))
  Downloading numpy-2.3.5-cp312-cp312-macosx_14_0_arm64.whl.metadata (62 kB)
Collecting pandas==2.2.3 (from -r requirements.txt (line 3))
  Downloading pandas-2.2.3-cp312-cp312-macosx_11_0_arm64.whl.metadata (89 kB)
Collecting python-dateutil>=2.8.2 (from pandas==2.2.3->-r requirements.txt (line 3))
  Downloading python_dateutil-2.9.0.post0-py2.py3-none-any.whl.metadata (8.4 kB)
Collecting pytz>=2020.1 (from pandas==2.2.3->-r requirements.txt (line 3))
  Downloading pytz-2026.3.post1-py2.py3-none-any.whl.metadata (22 kB)
Collecting tzdata>=2022.7 (from pandas==2.2.3->-r requirements.txt (line 3))
  Downloading tzdata-2026.4-py2.py3-none-any.whl.metadata (1.4 kB)
Collecting six>=1.5 (from python-dateutil>=2.8.2->pandas==2.2.3->-r requirements.txt (line 3))
  Downloading six-1.17.0-py2.py3-none-any.whl.metadata (1.7 kB)
Downloading numpy-2.3.5-cp312-cp312-macosx_14_0_arm64.whl (5.1 MB)
   ━━━━━━━━━━━━━━━━━━━━━━━━━━━━━━━━━━━━━━━━ 5.1/5.1 MB 10.5 MB/s eta 0:00:00
Downloading pandas-2.2.3-cp312-cp312-macosx_11_0_arm64.whl (11.4 MB)
   ━━━━━━━━━━━━━━━━━━━━━━━━━━━━━━━━━━━━━━━━ 11.4/11.4 MB 11.4 MB/s eta 0:00:00
Downloading python_dateutil-2.9.0.post0-py2.py3-none-any.whl (229 kB)
Downloading pytz-2026.3.post1-py2.py3-none-any.whl (508 kB)
Downloading tzdata-2026.4-py2.py3-none-any.whl (347 kB)
Downloading six-1.17.0-py2.py3-none-any.whl (11 kB)
Installing collected packages: pytz, tzdata, six, numpy, python-dateutil, pandas
Successfully installed numpy-2.3.5 pandas-2.2.3 python-dateutil-2.9.0.post0 pytz-2026.3.post1 six-1.17.0 tzdata-2026.4

[notice] A new release of pip is available: 25.0.1 -> 26.2.1
[notice] To update, run: /var/folders/2q/y8xtph2x14v9z3h4kr16t20w0000gn/T/beeagent-contest-only-m4pn1laa/venv/bin/python -m pip install --upgrade pip
