development official 0 baseline 3290635 3.43
development official 0 fixed 4946544 0.46
development official 0 repeat 3373302 4.53
development official 0 revisit 3197968 4.81
development official 1 baseline 2963973 3.4
development official 1 fixed 4653714 0.46
development official 1 repeat 2947549 4.46
development official 1 revisit 2965302 5.51
development official 2 baseline 2460496 3.39
development official 2 fixed 5175888 0.54
development official 2 repeat 2887446 4.68
development official 2 revisit 3336875 6.21
development official 3 baseline 2235192 4.08
development official 3 fixed 5112154 0.57
development official 3 repeat 2399590 5.21
development official 3 revisit 2785615 6.33
development official 4 baseline 2759846 3.48
development official 4 fixed 2039118 0.39
development official 4 repeat 3024310 5.22
development official 4 revisit 3083048 5.63
development history_correct 60 baseline 1484422 0.05
development history_correct 60 fixed 1111565 0.02
development history_correct 60 repeat 1494166 0.04
development history_correct 60 revisit 1464328 0.04
development history_correct 61 baseline 1484422 0.04
development history_correct 61 fixed 1108944 0.02
development history_correct 61 repeat 1494166 0.04
development history_correct 61 revisit 1464328 0.04
development history_correct 62 baseline 1484422 0.04
development history_correct 62 fixed 1109646 0.02
development history_correct 62 repeat 1494166 0.05
development history_correct 62 revisit 1464328 0.04
development shifted 60 baseline -214482 0.04
development shifted 60 fixed 836532 0.02
development shifted 60 repeat -229253 0.04
development shifted 60 revisit -144483 0.03
development shifted 61 baseline -190480 0.03
development shifted 61 fixed 1359639 0.02
development shifted 61 repeat -199264 0.03
development shifted 61 revisit -102565 0.03
development shifted 62 baseline -189596 0.03
development shifted 62 fixed 1360763 0.02
development shifted 62 repeat -205291 0.03
development shifted 62 revisit -102862 0.03
development weakened 60 baseline 200570 0.05
development weakened 60 fixed 167208 0.02
development weakened 60 repeat 189065 0.04
development weakened 60 revisit 58297 0.03
development weakened 61 baseline 210144 0.05
development weakened 61 fixed 163974 0.02
development weakened 61 repeat 208464 0.04
development weakened 61 revisit 165318 0.04
development weakened 62 baseline 199212 0.05
development weakened 62 fixed 164756 0.02
development weakened 62 repeat 189065 0.04
development weakened 62 revisit 136350 0.03
development adverse 60 baseline 1272287 0.05
development adverse 60 fixed 903837 0.02
development adverse 60 repeat 1292669 0.04
development adverse 60 revisit 509125 0.04
development adverse 61 baseline 1220750 0.05
development adverse 61 fixed 878241 0.02
development adverse 61 repeat 1202322 0.04
development adverse 61 revisit 824920 0.04
development adverse 62 baseline 1217355 0.05
development adverse 62 fixed 878902 0.02
development adverse 62 repeat 1198927 0.04
development adverse 62 revisit 899392 0.04
