case 0 4416974 3290635
case 1 7567418 2963973
case 2 8421516 2460496
case 3 5321771 2235192
case 4 7186050 2759846
case 5 5141571 2781725
case 6 8188249 2380938
case 7 4311812 2826962
case 8 8500351 2563501
case 9 11826535 304998
case 10 5133901 3484881
case 11 5378822 2639751
case 12 6928883 3397617
case 13 8872597 1687649
case 14 8191158 2797099
case 15 10088844 2173581
case 16 7178414 2950294
case 17 4651172 2675563
case 18 7345580 2293737
case 19 8275950 2531580
case 42 6432029 2434332
stage2_magnitude 50 1670059 147443
stage2_magnitude 51 1949853 210543
stage2_magnitude 52 1752060 221451
stage2_negative_shift 50 1728854 222361
stage2_negative_shift 51 2031690 249089
stage2_negative_shift 52 1777248 261668
stage2_best_switch 50 1412380 -240428
stage2_best_switch 51 1622153 -277015
stage2_best_switch 52 1432567 -228663
adverse_first_pilots 50 1793295 990817
adverse_first_pilots 51 2058714 1211005
adverse_first_pilots 52 1881816 1011325
